
> linksnip@0.1.0 test:e2e
> playwright test


Running 51 tests using 1 worker

  ✓   1 [mobile] › tests/e2e/a11y.spec.ts:19:3 › WEB-E-5 — AC-15: axe-core WCAG 2.2 AA — default state › GET / has zero WCAG 2.2 AA violations in default state (231ms)
  ✓   2 [mobile] › tests/e2e/a11y.spec.ts:37:3 › WEB-E-5 — AC-15: axe-core WCAG 2.2 AA — error state (role=alert) › POST /shorten with invalid URL produces page with zero WCAG 2.2 AA violations (273ms)
  ✓   3 [mobile] › tests/e2e/a11y.spec.ts:64:3 › WEB-E-5 — AC-15 / A11Y-WEB-017: no horizontal scroll at 320px › page does not overflow horizontally at 320px width (48ms)
  ✓   4 [mobile] › tests/e2e/a11y.spec.ts:93:3 › WEB-E-5 — A11Y-WEB-016: touch targets ≥44px on mobile viewport › URL input height is at least 44px at mobile viewport (56ms)
  ✓   5 [mobile] › tests/e2e/a11y.spec.ts:103:3 › WEB-E-5 — A11Y-WEB-016: touch targets ≥44px on mobile viewport › Shorten button height is at least 44px at mobile viewport (54ms)
  ✓   6 [mobile] › tests/e2e/page.spec.ts:24:3 › WEB-E-1 — AC-11: labeled URL form at GET / › GET / returns 200 (37ms)
  ✓   7 [mobile] › tests/e2e/page.spec.ts:29:3 › WEB-E-1 — AC-11: labeled URL form at GET / › page shows a text input associated with a URL label (46ms)
  ✓   8 [mobile] › tests/e2e/page.spec.ts:35:3 › WEB-E-1 — AC-11: labeled URL form at GET / › page shows a Shorten submit button (46ms)
  ✓   9 [mobile] › tests/e2e/page.spec.ts:51:3 › WEB-E-2 — AC-12: semantic links table at GET / › table is present and has an accessible name matching /links/i (60ms)
  ✓  10 [mobile] › tests/e2e/page.spec.ts:56:3 › WEB-E-2 — AC-12: semantic links table at GET / › table has a column header for the short link (51ms)
  ✓  11 [mobile] › tests/e2e/page.spec.ts:63:3 › WEB-E-2 — AC-12: semantic links table at GET / › table has a column header for clicks (51ms)
  ✓  12 [mobile] › tests/e2e/page.spec.ts:69:3 › WEB-E-2 — AC-12: semantic links table at GET / › pre-seeded links appear as table rows (56ms)
  ✓  13 [mobile] › tests/e2e/shorten.spec.ts:14:3 › WEB-E-3 — AC-13: valid URL form round-trip › submitting a valid URL adds a new row to the links table (104ms)
  ✓  14 [mobile] › tests/e2e/shorten.spec.ts:34:3 › WEB-E-3 — AC-13: valid URL form round-trip › no browser console errors after a valid URL submission (77ms)
  ✓  15 [mobile] › tests/e2e/shorten.spec.ts:56:3 › WEB-E-4 — AC-14: invalid URL shows error message › submitting an invalid URL shows a visible role=alert error (106ms)
  ✓  16 [mobile] › tests/e2e/shorten.spec.ts:70:3 › WEB-E-4 — AC-14: invalid URL shows error message › error page still shows the URL form after invalid submission (106ms)
  ✓  17 [mobile] › tests/e2e/shorten.spec.ts:81:3 › WEB-E-4 — AC-14: invalid URL shows error message › error page still shows the links table after invalid submission (82ms)
  ✓  18 [tablet] › tests/e2e/a11y.spec.ts:19:3 › WEB-E-5 — AC-15: axe-core WCAG 2.2 AA — default state › GET / has zero WCAG 2.2 AA violations in default state (246ms)
  ✓  19 [tablet] › tests/e2e/a11y.spec.ts:37:3 › WEB-E-5 — AC-15: axe-core WCAG 2.2 AA — error state (role=alert) › POST /shorten with invalid URL produces page with zero WCAG 2.2 AA violations (293ms)
  ✓  20 [tablet] › tests/e2e/a11y.spec.ts:64:3 › WEB-E-5 — AC-15 / A11Y-WEB-017: no horizontal scroll at 320px › page does not overflow horizontally at 320px width (49ms)
  ✓  21 [tablet] › tests/e2e/a11y.spec.ts:93:3 › WEB-E-5 — A11Y-WEB-016: touch targets ≥44px on mobile viewport › URL input height is at least 44px at mobile viewport (55ms)
  ✓  22 [tablet] › tests/e2e/a11y.spec.ts:103:3 › WEB-E-5 — A11Y-WEB-016: touch targets ≥44px on mobile viewport › Shorten button height is at least 44px at mobile viewport (54ms)
  ✓  23 [tablet] › tests/e2e/page.spec.ts:24:3 › WEB-E-1 — AC-11: labeled URL form at GET / › GET / returns 200 (37ms)
  ✓  24 [tablet] › tests/e2e/page.spec.ts:29:3 › WEB-E-1 — AC-11: labeled URL form at GET / › page shows a text input associated with a URL label (46ms)
  ✓  25 [tablet] › tests/e2e/page.spec.ts:35:3 › WEB-E-1 — AC-11: labeled URL form at GET / › page shows a Shorten submit button (46ms)
  ✓  26 [tablet] › tests/e2e/page.spec.ts:51:3 › WEB-E-2 — AC-12: semantic links table at GET / › table is present and has an accessible name matching /links/i (58ms)
  ✓  27 [tablet] › tests/e2e/page.spec.ts:56:3 › WEB-E-2 — AC-12: semantic links table at GET / › table has a column header for the short link (51ms)
  ✓  28 [tablet] › tests/e2e/page.spec.ts:63:3 › WEB-E-2 — AC-12: semantic links table at GET / › table has a column header for clicks (51ms)
  ✓  29 [tablet] › tests/e2e/page.spec.ts:69:3 › WEB-E-2 — AC-12: semantic links table at GET / › pre-seeded links appear as table rows (55ms)
  ✓  30 [tablet] › tests/e2e/shorten.spec.ts:14:3 › WEB-E-3 — AC-13: valid URL form round-trip › submitting a valid URL adds a new row to the links table (100ms)
  ✓  31 [tablet] › tests/e2e/shorten.spec.ts:34:3 › WEB-E-3 — AC-13: valid URL form round-trip › no browser console errors after a valid URL submission (78ms)
  ✓  32 [tablet] › tests/e2e/shorten.spec.ts:56:3 › WEB-E-4 — AC-14: invalid URL shows error message › submitting an invalid URL shows a visible role=alert error (105ms)
  ✓  33 [tablet] › tests/e2e/shorten.spec.ts:70:3 › WEB-E-4 — AC-14: invalid URL shows error message › error page still shows the URL form after invalid submission (105ms)
  ✓  34 [tablet] › tests/e2e/shorten.spec.ts:81:3 › WEB-E-4 — AC-14: invalid URL shows error message › error page still shows the links table after invalid submission (83ms)
  ✓  35 [desktop] › tests/e2e/a11y.spec.ts:19:3 › WEB-E-5 — AC-15: axe-core WCAG 2.2 AA — default state › GET / has zero WCAG 2.2 AA violations in default state (268ms)
  ✓  36 [desktop] › tests/e2e/a11y.spec.ts:37:3 › WEB-E-5 — AC-15: axe-core WCAG 2.2 AA — error state (role=alert) › POST /shorten with invalid URL produces page with zero WCAG 2.2 AA violations (311ms)
  ✓  37 [desktop] › tests/e2e/a11y.spec.ts:64:3 › WEB-E-5 — AC-15 / A11Y-WEB-017: no horizontal scroll at 320px › page does not overflow horizontally at 320px width (50ms)
  ✓  38 [desktop] › tests/e2e/a11y.spec.ts:93:3 › WEB-E-5 — A11Y-WEB-016: touch targets ≥44px on mobile viewport › URL input height is at least 44px at mobile viewport (54ms)
  ✓  39 [desktop] › tests/e2e/a11y.spec.ts:103:3 › WEB-E-5 — A11Y-WEB-016: touch targets ≥44px on mobile viewport › Shorten button height is at least 44px at mobile viewport (53ms)
  ✓  40 [desktop] › tests/e2e/page.spec.ts:24:3 › WEB-E-1 — AC-11: labeled URL form at GET / › GET / returns 200 (37ms)
  ✓  41 [desktop] › tests/e2e/page.spec.ts:29:3 › WEB-E-1 — AC-11: labeled URL form at GET / › page shows a text input associated with a URL label (47ms)
  ✓  42 [desktop] › tests/e2e/page.spec.ts:35:3 › WEB-E-1 — AC-11: labeled URL form at GET / › page shows a Shorten submit button (48ms)
  ✓  43 [desktop] › tests/e2e/page.spec.ts:51:3 › WEB-E-2 — AC-12: semantic links table at GET / › table is present and has an accessible name matching /links/i (58ms)
  ✓  44 [desktop] › tests/e2e/page.spec.ts:56:3 › WEB-E-2 — AC-12: semantic links table at GET / › table has a column header for the short link (52ms)
  ✓  45 [desktop] › tests/e2e/page.spec.ts:63:3 › WEB-E-2 — AC-12: semantic links table at GET / › table has a column header for clicks (51ms)
  ✓  46 [desktop] › tests/e2e/page.spec.ts:69:3 › WEB-E-2 — AC-12: semantic links table at GET / › pre-seeded links appear as table rows (55ms)
  ✓  47 [desktop] › tests/e2e/shorten.spec.ts:14:3 › WEB-E-3 — AC-13: valid URL form round-trip › submitting a valid URL adds a new row to the links table (101ms)
  ✓  48 [desktop] › tests/e2e/shorten.spec.ts:34:3 › WEB-E-3 — AC-13: valid URL form round-trip › no browser console errors after a valid URL submission (77ms)
  ✓  49 [desktop] › tests/e2e/shorten.spec.ts:56:3 › WEB-E-4 — AC-14: invalid URL shows error message › submitting an invalid URL shows a visible role=alert error (105ms)
  ✓  50 [desktop] › tests/e2e/shorten.spec.ts:70:3 › WEB-E-4 — AC-14: invalid URL shows error message › error page still shows the URL form after invalid submission (106ms)
  ✓  51 [desktop] › tests/e2e/shorten.spec.ts:81:3 › WEB-E-4 — AC-14: invalid URL shows error message › error page still shows the links table after invalid submission (103ms)

  51 passed (6.6s)
